---
source: crates/criticalup-cli/tests/cli/auth_set.rs
expression: repr
---
exit: exit status: 0

empty stdout

stderr
------
Set the authentication token used to interact with the download server

Usage:
  criticalup-test auth set [OPTIONS] [TOKEN]

Arguments:
  [TOKEN]  Authentication token to use; if not provided, it will be read from stdin

Options:
  -v, --verbose...                  Enable debug logs, -vv for trace
      --log-format <LOG_FORMAT>     Which logger to use [default: default] [possible values: default, pretty, tree, json]
      --log-level [<LOG_LEVEL>...]  Tracing directives
  -h, --help                        Print help
------
