---
source: crates/criticalup-cli/tests/cli/clean.rs
expression: repr
---
exit: exit status: 0

stdout
------
[1minfo:[0m deleting unused installation installation_id_2
[1minfo:[0m deleting unused installation directory /path/to/toolchain/installation/installation_id_2/
[1minfo:[0m deleting untracked installation directory /path/to/toolchain/installation/installation_id_3/
------

empty stderr
