---
source: crates/criticalup-cli/tests/cli/run.rs
expression: repr
---
exit: exit status: 1

empty stdout

stderr
------
error: An installation corresponding to `/tmp/TEMPDIR/criticalup.toml` was not found.
Please ensure your `criticalup.toml` contains what you expect, and then
run `criticalup install` to complete the installation.
    
------
