---
source: crates/criticalup-cli/tests/cli/auth.rs
expression: repr
---
exit: exit status: 0

empty stdout

stderr
------
Show and change authentication with the download server

Usage:
  criticalup-test auth [OPTIONS] [COMMAND]

Commands:
  remove  Remove the authentication token used to interact with the download server
  set     Set the authentication token used to interact with the download server

Options:
  -v, --verbose...                  Enable debug logs, -vv for trace
      --log-level [<LOG_LEVEL>...]  Tracing directives
  -h, --help                        Print help
------
