---
source: crates/criticalup-cli/tests/cli/root.rs
expression: repr
---
exit: exit status: 1

empty stdout

stderr
------
CriticalUp is the official tool to download and install Ferrocene

Usage:
  criticalup-test [OPTIONS] <COMMAND>

Commands:
  archive  Create a tar archive of the toolchain based on the manifest `criticalup.toml`
  auth     Show and change authentication with the download server
  clean    Delete cache and unused installations
  doc      Open the documentation for the current toolchain
  init     Create a manifest file (criticalup.toml) inside current directory
  install  Install the toolchain for the given project based on the manifest `criticalup.toml`
  remove   Delete all the products specified in the manifest `criticalup.toml`
  run      Run a command for a given toolchain
  verify   Verify a given toolchain
  which    Display which binary will be run for a given command
  help     Print this message or the help of the given subcommand(s)

Options:
  -v, --verbose...                  Enable debug logs, -vv for trace
      --log-format <LOG_FORMAT>     Which logger to use [default: default] [possible values: default, pretty, json]
      --log-level [<LOG_LEVEL>...]  Tracing directives
  -h, --help                        Print help
  -V, --version                     Print version
------
