---
source: crates/criticalup-cli/tests/cli/auth_set.rs
expression: repr
---
exit: exit status: 1

empty stdout

stderr
------
Visit https://customers-test.ferrocene.dev/users/tokens to create a new token, then enter it below.
enter the authentication token: error: Invalid authentication token provided.
------
