---
source: crates/criticalup-cli/tests/cli/which.rs
expression: repr
---
exit: exit status: 0

empty stdout

stderr
------
Display which binary will be run for a given command

Usage:
  criticalup-test which [OPTIONS] <COMMAND>

Arguments:
  <COMMAND>  Name of the binary to find the absolute path of

Options:
      --project <PROJECT>           Path to the manifest `criticalup.toml`
  -v, --verbose...                  Enable debug logs, -vv for trace
      --log-level [<LOG_LEVEL>...]  Tracing directives
  -h, --help                        Print help
------
