---
source: crates/criticaltrust/src/v2/manifests.rs
expression: "&serde_yaml::to_string(&package).unwrap()[..]"
---
kind: Ferrocene-Release
metadata-version: 0.0.1
metadata:
    release-identifier: stable-25.02.0
    channel: stable
    ferrocene-version:
    rust-version:
    release-date: <date>
    support-expires: <date> (default: release-date +2 years)
    yanked: null |
      code: <numeric>
      human: <human readable reason>
      url: <url to further information>
    signature: <signature content>
artifacts:
  - name: rustc
    file: path/to/file/relative/to/repo/root
    signature: <signature content>
    checksums:
        sha256: YWJjZGVmZ2g=
        md5: ...
